exports[`<Nav /> renders correctly 1`] = `
<div
  className="base"
  onClick={[Function]}>
  <aside
    className="panel">
    <header
      className="header">
      <h1
        className="title">
        Navigation
      </h1>
      <button
        className="base close material-icons"
        onClick={[Function]}>
        close
      </button>
    </header>
    <nav
      className="body">
      <ul>
        <li>
          <a
            href="#">
            Euismod Ornare Elit
          </a>
        </li>
        <li>
          <a
            href="#">
            Euismod Ornare Elit
          </a>
        </li>
        <li>
          <a
            href="#">
            Euismod Ornare Elit
          </a>
        </li>
        <li>
          <a
            href="#">
            Euismod Ornare Elit
          </a>
        </li>
        <li>
          <a
            href="#">
            Euismod Ornare Elit
          </a>
        </li>
        <li>
          <a
            href="#">
            Euismod Ornare Elit
          </a>
        </li>
      </ul>
    </nav>
  </aside>
</div>
`;
